// Jest Snapshot v1, https://goo.gl/fbAQLP

exports[`SplashScreen debe renderizar el componente correctamente 1`] = `
<View
  style={
    {
      "alignItems": "center",
      "backgroundColor": "#4F6D7A",
      "flex": 1,
      "justifyContent": "center",
    }
  }
>
  <StatusBar
    backgroundColor="#4F6D7A"
    barStyle="light-content"
  />
  <Image
    source={
      {
        "testUri": "../../../assets/images/partial-react-logo.png",
      }
    }
    style={
      {
        "height": 150,
        "marginBottom": 20,
        "width": 150,
      }
    }
  />
  <Text
    style={
      {
        "color": "#FFFFFF",
        "fontSize": 24,
        "fontWeight": "bold",
      }
    }
  >
    Bienvenido a Mi App
  </Text>
</View>
`;
